pybullet build time: Oct  5 2026 17:23:49
[lab] MQTT conectado como sim-spot
[sim-spot] robot cargado; ejes: j1=altura del cuerpo (-20.0, 20.0); j2=cabeceo (+ nariz arriba) (-20.0, 20.0); j3=alabeo (+ a la derecha) (-20.0, 20.0)
pybullet build time: Oct  5 2026 17:23:49
[sim-spot] siguiendo rx=40 perd=0 jit=0.73ms err=0.85° (máx 16.27°) física=240Hz caídas=0 avance=0.01m
[sim-spot] siguiendo rx=80 perd=0 jit=0.22ms err=3.16° (máx 5.67°) física=240Hz caídas=0 avance=0.01m
[sim-spot] siguiendo rx=120 perd=0 jit=0.59ms err=0.33° (máx 1.23°) física=240Hz caídas=0 avance=0.01m
[sim-spot] siguiendo rx=160 perd=0 jit=1.70ms err=0.49° (máx 1.64°) física=240Hz caídas=0 avance=0.00m
[sim-spot] siguiendo rx=200 perd=0 jit=0.46ms err=0.39° (máx 1.48°) física=240Hz caídas=0 avance=0.00m
[sim-spot] trotando  rx=240 perd=0 jit=0.21ms err=1.10° (máx 13.75°) física=240Hz caídas=0 avance=0.03m
[sim-spot] trotando  rx=280 perd=0 jit=0.16ms err=2.05° (máx 6.57°) física=240Hz caídas=0 avance=0.12m
[sim-spot] trotando  rx=320 perd=0 jit=0.46ms err=2.15° (máx 6.22°) física=240Hz caídas=0 avance=0.33m
[sim-spot] trotando  rx=360 perd=0 jit=0.20ms err=2.23° (máx 6.98°) física=240Hz caídas=0 avance=0.47m
[sim-spot] trotando  rx=400 perd=0 jit=0.42ms err=2.05° (máx 6.39°) física=240Hz caídas=0 avance=0.62m
[sim-spot] trotando  rx=440 perd=0 jit=0.22ms err=2.07° (máx 6.00°) física=240Hz caídas=0 avance=0.77m
[sim-spot] siguiendo rx=480 perd=0 jit=0.45ms err=2.42° (máx 15.02°) física=240Hz caídas=0 avance=0.86m
[sim-spot] siguiendo rx=520 perd=0 jit=0.52ms err=0.51° (máx 12.40°) física=240Hz caídas=0 avance=0.85m
[sim-spot] siguiendo rx=560 perd=0 jit=0.17ms err=0.39° (máx 1.28°) física=240Hz caídas=0 avance=0.85m
[sim-spot] siguiendo rx=600 perd=0 jit=0.04ms err=1.89° (máx 5.18°) física=240Hz caídas=0 avance=0.88m
[sim-spot] siguiendo rx=640 perd=0 jit=0.34ms err=1.16° (máx 5.05°) física=240Hz caídas=0 avance=0.85m
[sim-spot] siguiendo rx=680 perd=0 jit=0.81ms err=0.32° (máx 1.41°) física=240Hz caídas=0 avance=0.85m
[sim-spot] trotando  rx=720 perd=0 jit=0.35ms err=1.15° (máx 13.47°) física=240Hz caídas=0 avance=0.86m
[sim-spot] trotando  rx=760 perd=0 jit=0.42ms err=2.24° (máx 6.60°) física=240Hz caídas=0 avance=1.02m
[sim-spot] trotando  rx=800 perd=0 jit=0.38ms err=2.11° (máx 6.15°) física=240Hz caídas=0 avance=1.17m
[sim-spot] trotando  rx=840 perd=0 jit=0.23ms err=2.13° (máx 5.92°) física=240Hz caídas=0 avance=1.32m
[sim-spot] trotando  rx=880 perd=0 jit=0.50ms err=2.17° (máx 6.17°) física=240Hz caídas=0 avance=1.50m
[sim-spot] trotando  rx=920 perd=0 jit=0.95ms err=2.34° (máx 6.51°) física=240Hz caídas=0 avance=1.60m
[sim-spot] siguiendo rx=960 perd=0 jit=1.44ms err=2.20° (máx 14.61°) física=240Hz caídas=0 avance=1.70m
[sim-spot] siguiendo rx=1000 perd=0 jit=0.44ms err=0.64° (máx 12.19°) física=240Hz caídas=0 avance=1.70m
[sim-spot] siguiendo rx=1040 perd=0 jit=0.73ms err=0.41° (máx 1.26°) física=240Hz caídas=0 avance=1.70m
[sim-spot] siguiendo rx=1080 perd=0 jit=0.53ms err=0.34° (máx 1.20°) física=240Hz caídas=0 avance=1.70m
[sim-spot] siguiendo rx=1120 perd=0 jit=0.46ms err=0.81° (máx 14.76°) física=240Hz caídas=0 avance=1.70m
[sim-spot] siguiendo rx=1160 perd=0 jit=0.04ms err=0.05° (máx 0.19°) física=240Hz caídas=0 avance=1.67m
[sim-spot] siguiendo rx=1200 perd=0 jit=0.70ms err=0.77° (máx 27.19°) física=240Hz caídas=0 avance=1.66m
[sim-spot] siguiendo rx=1240 perd=0 jit=0.71ms err=0.85° (máx 20.39°) física=240Hz caídas=0 avance=1.65m
[sim-spot] siguiendo rx=1280 perd=0 jit=0.98ms err=0.53° (máx 1.74°) física=240Hz caídas=0 avance=1.65m
[sim-spot] siguiendo rx=1320 perd=0 jit=1.50ms err=0.34° (máx 0.99°) física=240Hz caídas=0 avance=1.67m
[sim-spot] siguiendo rx=1360 perd=0 jit=1.95ms err=0.38° (máx 1.89°) física=240Hz caídas=0 avance=1.69m
[sim-spot] siguiendo rx=1400 perd=0 jit=0.66ms err=0.31° (máx 1.24°) física=240Hz caídas=0 avance=1.69m
[sim-spot] trotando  rx=1440 perd=0 jit=1.96ms err=1.06° (máx 15.03°) física=240Hz caídas=0 avance=1.70m
[sim-spot] trotando  rx=1480 perd=0 jit=0.35ms err=2.06° (máx 6.35°) física=240Hz caídas=0 avance=1.81m
[sim-spot] trotando  rx=1520 perd=0 jit=0.09ms err=2.56° (máx 6.65°) física=240Hz caídas=0 avance=1.93m
[sim-spot] trotando  rx=1560 perd=0 jit=0.07ms err=1.73° (máx 6.37°) física=240Hz caídas=0 avance=2.15m
[sim-spot] trotando  rx=1600 perd=0 jit=1.27ms err=2.16° (máx 6.21°) física=240Hz caídas=0 avance=2.29m
[sim-spot] trotando  rx=1640 perd=0 jit=0.93ms err=2.08° (máx 6.43°) física=240Hz caídas=0 avance=2.43m
[sim-spot] siguiendo rx=1680 perd=0 jit=0.98ms err=2.12° (máx 13.77°) física=240Hz caídas=0 avance=2.55m
[sim-spot] siguiendo rx=1720 perd=0 jit=1.15ms err=0.57° (máx 10.97°) física=240Hz caídas=0 avance=2.54m
[sim-spot] siguiendo rx=1760 perd=0 jit=1.77ms err=0.38° (máx 1.30°) física=240Hz caídas=0 avance=2.55m
[sim-spot] siguiendo rx=1800 perd=0 jit=0.36ms err=0.33° (máx 1.31°) física=240Hz caídas=0 avance=2.56m
[sim-spot] siguiendo rx=1840 perd=0 jit=0.20ms err=0.36° (máx 1.09°) física=240Hz caídas=0 avance=2.55m
[sim-spot] siguiendo rx=1880 perd=0 jit=0.09ms err=0.28° (máx 1.08°) física=240Hz caídas=0 avance=2.55m
[sim-spot] trotando  rx=1920 perd=0 jit=0.02ms err=1.24° (máx 14.95°) física=240Hz caídas=0 avance=2.57m
[sim-spot] trotando  rx=1960 perd=0 jit=0.11ms err=1.75° (máx 5.82°) física=240Hz caídas=0 avance=2.76m
[sim-spot] trotando  rx=2000 perd=0 jit=0.01ms err=1.97° (máx 6.19°) física=240Hz caídas=0 avance=2.89m
[sim-spot] trotando  rx=2040 perd=0 jit=0.03ms err=2.09° (máx 5.75°) física=240Hz caídas=0 avance=3.03m
[sim-spot] trotando  rx=2080 perd=0 jit=0.28ms err=1.81° (máx 5.50°) física=240Hz caídas=0 avance=3.23m
[sim-spot] trotando  rx=2120 perd=0 jit=0.59ms err=2.02° (máx 6.17°) física=240Hz caídas=0 avance=3.38m
[sim-spot] siguiendo rx=2160 perd=0 jit=0.98ms err=2.18° (máx 13.61°) física=240Hz caídas=0 avance=3.47m
[sim-spot] siguiendo rx=2200 perd=0 jit=0.81ms err=0.55° (máx 10.53°) física=240Hz caídas=0 avance=3.48m
[sim-spot] siguiendo rx=2240 perd=0 jit=0.71ms err=0.31° (máx 1.29°) física=240Hz caídas=0 avance=3.47m
[sim-spot] siguiendo rx=2280 perd=0 jit=0.10ms err=0.29° (máx 0.99°) física=240Hz caídas=0 avance=3.46m
[sim-spot] siguiendo rx=2320 perd=0 jit=0.44ms err=0.35° (máx 1.20°) física=240Hz caídas=0 avance=3.46m
[sim-spot] siguiendo rx=2360 perd=0 jit=0.30ms err=0.32° (máx 1.12°) física=240Hz caídas=0 avance=3.45m
[sim-spot] trotando  rx=2400 perd=0 jit=0.37ms err=0.92° (máx 7.51°) física=240Hz caídas=0 avance=3.44m
[sim-spot] trotando  rx=2440 perd=0 jit=0.04ms err=2.15° (máx 5.92°) física=240Hz caídas=0 avance=3.57m
[sim-spot] trotando  rx=2480 perd=0 jit=0.28ms err=2.14° (máx 6.15°) física=240Hz caídas=0 avance=3.76m
[sim-spot] trotando  rx=2520 perd=0 jit=0.50ms err=2.40° (máx 6.75°) física=240Hz caídas=0 avance=3.90m
[sim-spot] trotando  rx=2560 perd=0 jit=0.05ms err=2.21° (máx 5.92°) física=240Hz caídas=0 avance=4.02m
[sim-spot] trotando  rx=2600 perd=0 jit=0.17ms err=1.88° (máx 5.49°) física=240Hz caídas=0 avance=4.22m
[sim-spot] siguiendo rx=2640 perd=0 jit=0.39ms err=1.73° (máx 13.85°) física=240Hz caídas=0 avance=4.37m
[sim-spot] reposo    rx=2656 perd=0 jit=0.38ms err=1.09° (máx 18.06°) física=240Hz caídas=0 avance=4.37m
