pybullet build time: Oct  5 2026 17:23:49
[lab] MQTT conectado como sim-nao
[robot] sin mallas de SoftBank: nao.urdf (física con esferas, se dibuja como esqueleto)
[sim-nao] robot cargado; ejes: j1=hombro der. (RShoulderPitch) (-119.5, 119.5); j2=codo der. (RElbowRoll) (2.0, 88.5); j3=cabeza (HeadYaw) (-119.5, 119.5)
[sim-nao] mallas de SoftBank: NO (se dibuja como esqueleto)
pybullet build time: Oct  5 2026 17:23:49
[sim-nao] gesto     rx=40 perd=0 jit=0.02ms err=6.52° (máx 149.11°) física=240Hz
[sim-nao] siguiendo rx=80 perd=0 jit=0.03ms err=1.79° (máx 23.58°) física=240Hz
[sim-nao] siguiendo rx=120 perd=0 jit=0.00ms err=0.57° (máx 3.02°) física=240Hz
[sim-nao] siguiendo rx=160 perd=0 jit=0.00ms err=0.89° (máx 3.68°) física=240Hz
[sim-nao] siguiendo rx=200 perd=0 jit=0.08ms err=0.71° (máx 3.56°) física=240Hz
[sim-nao] gesto     rx=240 perd=0 jit=0.53ms err=4.81° (máx 126.04°) física=240Hz
[sim-nao] gesto     rx=280 perd=0 jit=0.32ms err=2.32° (máx 10.91°) física=240Hz
[sim-nao] siguiendo rx=320 perd=0 jit=0.23ms err=1.30° (máx 47.70°) física=240Hz
[sim-nao] siguiendo rx=360 perd=0 jit=0.02ms err=1.05° (máx 3.59°) física=240Hz
[sim-nao] siguiendo rx=400 perd=0 jit=0.44ms err=0.64° (máx 3.80°) física=240Hz
[sim-nao] siguiendo rx=440 perd=0 jit=0.03ms err=0.80° (máx 3.84°) física=240Hz
[sim-nao] gesto     rx=480 perd=0 jit=0.65ms err=2.70° (máx 76.44°) física=240Hz
[sim-nao] gesto     rx=520 perd=0 jit=0.24ms err=2.31° (máx 10.91°) física=240Hz
[sim-nao] siguiendo rx=560 perd=0 jit=0.09ms err=2.63° (máx 96.59°) física=240Hz
[sim-nao] siguiendo rx=600 perd=0 jit=0.44ms err=0.63° (máx 3.59°) física=240Hz
[sim-nao] siguiendo rx=640 perd=0 jit=0.56ms err=0.89° (máx 3.60°) física=240Hz
[sim-nao] siguiendo rx=680 perd=0 jit=0.13ms err=0.81° (máx 3.67°) física=240Hz
[sim-nao] gesto     rx=720 perd=0 jit=0.50ms err=1.57° (máx 45.84°) física=240Hz
[sim-nao] gesto     rx=760 perd=0 jit=1.16ms err=2.31° (máx 10.91°) física=240Hz
[sim-nao] siguiendo rx=800 perd=0 jit=0.70ms err=4.58° (máx 125.53°) física=240Hz
[sim-nao] siguiendo rx=840 perd=0 jit=0.27ms err=0.73° (máx 3.79°) física=240Hz
[sim-nao] siguiendo rx=880 perd=0 jit=0.56ms err=0.80° (máx 3.60°) física=240Hz
[sim-nao] siguiendo rx=920 perd=0 jit=0.61ms err=0.69° (máx 2.96°) física=240Hz
[sim-nao] gesto     rx=960 perd=0 jit=0.86ms err=2.03° (máx 37.57°) física=240Hz
[sim-nao] gesto     rx=1000 perd=0 jit=0.92ms err=2.31° (máx 10.91°) física=240Hz
[sim-nao] siguiendo rx=1040 perd=0 jit=0.88ms err=2.65° (máx 70.71°) física=240Hz
[sim-nao] siguiendo rx=1080 perd=0 jit=0.07ms err=1.03° (máx 3.84°) física=240Hz
[sim-nao] siguiendo rx=1120 perd=0 jit=0.22ms err=0.57° (máx 3.09°) física=240Hz
[sim-nao] siguiendo rx=1160 perd=0 jit=0.02ms err=0.96° (máx 3.60°) física=240Hz
[sim-nao] gesto     rx=1200 perd=0 jit=0.49ms err=2.83° (máx 91.57°) física=240Hz
[sim-nao] gesto     rx=1240 perd=0 jit=0.11ms err=2.31° (máx 10.91°) física=240Hz
[sim-nao] siguiendo rx=1280 perd=0 jit=0.49ms err=1.43° (máx 39.78°) física=240Hz
[sim-nao] siguiendo rx=1320 perd=0 jit=0.04ms err=0.57° (máx 3.00°) física=240Hz
[sim-nao] siguiendo rx=1360 perd=0 jit=0.00ms err=1.11° (máx 3.82°) física=240Hz
[sim-nao] siguiendo rx=1400 perd=0 jit=0.05ms err=0.61° (máx 3.57°) física=240Hz
[sim-nao] gesto     rx=1440 perd=0 jit=0.00ms err=4.43° (máx 125.37°) física=240Hz
[sim-nao] gesto     rx=1480 perd=0 jit=0.23ms err=2.33° (máx 10.91°) física=240Hz
[sim-nao] siguiendo rx=1520 perd=0 jit=0.02ms err=2.48° (máx 95.41°) física=240Hz
[sim-nao] siguiendo rx=1560 perd=0 jit=0.00ms err=0.00° (máx 0.00°) física=240Hz
[sim-nao] reposo    rx=1569 perd=0 jit=0.00ms err=5.82° (máx 52.42°) física=240Hz
[sim-nao] reposo    rx=1569 perd=0 jit=0.00ms err=0.67° (máx 20.43°) física=240Hz
[sim-nao] gesto     rx=1606 perd=0 jit=0.82ms err=6.62° (máx 136.93°) física=240Hz
[sim-nao] gesto     rx=1646 perd=0 jit=1.39ms err=2.33° (máx 10.91°) física=240Hz
[sim-nao] siguiendo rx=1686 perd=0 jit=2.64ms err=2.86° (máx 95.61°) física=240Hz
[sim-nao] siguiendo rx=1726 perd=0 jit=1.25ms err=0.81° (máx 3.59°) física=240Hz
[sim-nao] siguiendo rx=1766 perd=0 jit=0.64ms err=0.66° (máx 3.83°) física=240Hz
[sim-nao] siguiendo rx=1806 perd=0 jit=0.70ms err=0.90° (máx 3.90°) física=240Hz
[sim-nao] gesto     rx=1846 perd=0 jit=0.93ms err=1.28° (máx 31.98°) física=240Hz
[sim-nao] gesto     rx=1886 perd=0 jit=0.26ms err=2.31° (máx 10.91°) física=240Hz
[sim-nao] siguiendo rx=1926 perd=0 jit=0.18ms err=3.99° (máx 124.01°) física=240Hz
[sim-nao] siguiendo rx=1966 perd=0 jit=0.45ms err=0.65° (máx 3.74°) física=240Hz
[sim-nao] siguiendo rx=2006 perd=0 jit=0.20ms err=1.04° (máx 3.60°) física=240Hz
[sim-nao] siguiendo rx=2046 perd=0 jit=0.31ms err=0.57° (máx 3.03°) física=240Hz
[sim-nao] gesto     rx=2086 perd=0 jit=0.93ms err=1.76° (máx 45.77°) física=240Hz
[sim-nao] gesto     rx=2126 perd=0 jit=1.34ms err=2.31° (máx 10.91°) física=240Hz
[sim-nao] siguiendo rx=2166 perd=0 jit=0.51ms err=2.56° (máx 73.03°) física=240Hz
[sim-nao] siguiendo rx=2206 perd=0 jit=0.93ms err=0.93° (máx 3.75°) física=240Hz
[sim-nao] siguiendo rx=2246 perd=0 jit=0.40ms err=0.51° (máx 3.08°) física=240Hz
[sim-nao] siguiendo rx=2286 perd=0 jit=0.41ms err=1.05° (máx 3.73°) física=240Hz
[sim-nao] gesto     rx=2326 perd=0 jit=0.45ms err=3.73° (máx 91.61°) física=240Hz
[sim-nao] gesto     rx=2366 perd=0 jit=0.45ms err=2.32° (máx 10.91°) física=240Hz
[sim-nao] siguiendo rx=2406 perd=0 jit=0.29ms err=1.62° (máx 44.08°) física=240Hz
[sim-nao] siguiendo rx=2446 perd=0 jit=0.35ms err=0.70° (máx 3.05°) física=240Hz
[sim-nao] siguiendo rx=2486 perd=0 jit=1.45ms err=0.90° (máx 3.74°) física=240Hz
[sim-nao] siguiendo rx=2526 perd=0 jit=0.55ms err=0.63° (máx 3.50°) física=240Hz
[sim-nao] gesto     rx=2566 perd=0 jit=0.20ms err=4.41° (máx 125.07°) física=240Hz
